@Artist Paint Palette
#palette
@Ambulance
#ambulance
@Basketball Shot
#basketball
@Beer Drinking
#bearbeer
@Beer
#beer
@Birthday Cake
#bdcake
@Blocks
#blocks
@Cartoon Bomb
#bomb
@Cat and Fish
#catfish
@Chuck Wagon Cook
#chuckwaggon
@Computer Angry
#compargue
@Computer Data Write
#compwrite
@Computer Razz
#comprazz
@Computer Search
#compsearch
@Couple Eating Out
#eatout
@Dinosaur
#dino
@Dog Bite Mailman
#dogbite
@Dog Running
#dogrun
@Family at Dinner Table
#familyeat
@Gone Fishing
#fishing
@Happy Lady
#dancing
@Hard Worker
#hardworking
@Hot Drink
#hotdrink
@Idea
#idea
@Jack in the Box
#jackinbox
@Kid Art
#kidart
@Kite
#kite
@Lady Face
#sheface
@Little Boy
#boychild
@Lemonade Sale
#lemonade
@Little Girl
#girlchild
@Man
#fatman
@Monster
#monster
@Musical Notes
#musicnotes
@Nuclear
#nuclear
@Off To Work
#offtowork
@Old Man
#oldman
@Old Woman
#oldlady
@Ostrich
#ostrage
@Overworked
#overworked
@Piano Music
#playpiano
@Sad Face
#sadface
@Smile
#smile
@Smiley Face
#smilelyface
@Tea Party
#teaparty
@Tired Lady
#tiredface
@Umbrella
#umbrella
@Watching Too Much TV
#watchtv
@Whiskey Woman
#wisky